Script started on Tue 03 Jul 2018 02:43:54 PM EDT
[?1034hbash-4.1$ uname -a
Linux Zeus-1 2.6.32-696.18.7.el6.centos.plus.x86_64 #1 SMP Tue Jan 9 14:11:50 UTC 2018 x86_64 x86_64 x86_64 GNU/Linux
bash-4.1$ p[Kdare[K[Kte
Tue Jul  3 14:44:05 EDT 2018
bash-4.1$ pwd
/home/agupta23/Summer-CS262/project2_agupta23_2B3
bash-4.1$ ls[K[Kmake clean
rm project2_agupta23_2B3_p1
rm project2_agupta23_2B3_p2
bash-4.1$ ls
Makefile  project2_agupta23_2B3_p1.c  project2_agupta23_2B3_p2.c  project2_Typescript_agupta23_2B3
bash-4.1$ cat MA[Kakefile
#Avinash Gupta
#G01009180
#CS262, Lab Section 2B3
#Project 1

all: pro2p1 pro2p2

pro2p1: project2_agupta23_2B3_p1.c
	gcc -g -Wall -o project2_agupta23_2B3_p1 project2_agupta23_2B3_p1.c -lm

pro2p2: project2_agupta23_2B3_p2.c
	gcc -g -Wall -o project2_agupta23_2B3_p2 project2_agupta23_2B3_p2.c -lm

clean:
	rm project2_agupta23_2B3_p1
	rm project2_agupta23_2B3_p2
bash-4.1$ make all
gcc -g -Wall -o project2_agupta23_2B3_p1 project2_agupta23_2B3_p1.c -lm
[01m[Kproject2_agupta23_2B3_p1.c:[m[K In function â€˜[01m[KSorting_func[m[Kâ€™:
[01m[Kproject2_agupta23_2B3_p1.c:110:1:[m[K [01;35m[Kwarning: [m[Kcontrol reaches end of non-void function [[01;35m[K-Wreturn-type[m[K]
 [01;35m[K}[m[K
 [01;35m[K^[m[K
gcc -g -Wall -o project2_agupta23_2B3_p2 project2_agupta23_2B3_p2.c -lm
[01m[Kproject2_agupta23_2B3_p2.c:[m[K In function â€˜[01m[Kmain[m[Kâ€™:
[01m[Kproject2_agupta23_2B3_p2.c:35:14:[m[K [01;35m[Kwarning: [m[Kvariable â€˜[01m[Ks[m[Kâ€™ set but not used [[01;35m[K-Wunused-but-set-variable[m[K]
   enum Suits [01;35m[Ks[m[K = 0;//represents the suit
              [01;35m[K^[m[K
[01m[Kproject2_agupta23_2B3_p2.c:[m[K In function â€˜[01m[KrandomShuffle[m[Kâ€™:
[01m[Kproject2_agupta23_2B3_p2.c:194:9:[m[K [01;35m[Kwarning: [m[Kunused variable â€˜[01m[Ktmp[m[Kâ€™ [[01;35m[K-Wunused-variable[m[K]
   Card *[01;35m[Ktmp[m[K = newDeck;//This points to the new deck
         [01;35m[K^~~[m[K
bash-4.1$ valgrinf[Kd --leak-check=yes project2_agupta23_2B3_p1 FUNCS_CNTR
==12734== Memcheck, a memory error detector
==12734== Copyright (C) 2002-2015, and GNU GPL'd, by Julian Seward et al.
==12734== Using Valgrind-3.12.0 and LibVEX; rerun with -h for copyright info
==12734== Command: project2_agupta23_2B3_p1 FUNCS_CNTR
==12734== 
140
140 -> 784
140 -> 651 -> 784
140 -> 651 -> 784 -> 938
140 -> 651 -> 784 -> 830 -> 938
77 -> 140 -> 651 -> 784 -> 830 -> 938
77 -> 140 -> 201 -> 651 -> 784 -> 830 -> 938
77 -> 140 -> 201 -> 651 -> 784 -> 830 -> 938 -> 958
77 -> 140 -> 201 -> 651 -> 778 -> 784 -> 830 -> 938 -> 958
77 -> 140 -> 201 -> 651 -> 778 -> 784 -> 830 -> 899 -> 938 -> 958

These are the number of time each function has been called
newList: 1, Sorting_func and insertNode: 10, printList: 10, deleteList: 1
==12734== 
==12734== HEAP SUMMARY:
==12734==     in use at exit: 0 bytes in 0 blocks
==12734==   total heap usage: 11 allocs, 11 frees, 176 bytes allocated
==12734== 
==12734== All heap blocks were freed -- no leaks are possible
==12734== 
==12734== For counts of detected and suppressed errors, rerun with: -v
==12734== ERROR SUMMARY: 0 errors from 0 contexts (suppressed: 4 from 4)
bash-4.1$ valgrind --leak-check=yes project2_agupta23_2B3_p1 FUNCS_CNTR[1P FUNCS_CNTR2 FUNCS_CNTR
==12737== Memcheck, a memory error detector
==12737== Copyright (C) 2002-2015, and GNU GPL'd, by Julian Seward et al.
==12737== Using Valgrind-3.12.0 and LibVEX; rerun with -h for copyright info
==12737== Command: project2_agupta23_2B3_p2 FUNCS_CNTR
==12737== 
(A, S) (1, S) (2, S) (3, S) (4, S) (5, S) (6, S) (7, S) (8, S) (9, S) (0, S) (J, S) (Q, S) (K, S) (A, D) (1, D) (2, D) (3, D) (4, D) (5, D) (6, D) (7, D) (8, D) (9, D) (0, D) (J, D) (Q, D) (K, D) (A, C) (1, C) (2, C) (3, C) (4, C) (5, C) (6, C) (7, C) (8, C) (9, C) (0, C) (J, C) (Q, C) (K, C) (A, H) (1, H) (2, H) (3, H) (4, H) (5, H) (6, H) (7, H) (8, H) (9, H) (0, H) (J, H) (Q, H) (K, H)

The new shuffled deck
(3, C) (8, C) (8, C) (1, S) (7, S) (J, H) (5, C) (5, D) (A, D) (1, C) (0, D) (5, S) (3, D) (J, D) (6, D) (3, H) (0, S) (J, H) (6, C) (0, H) (2, S) (9, D) (Q, C) (A, H) (Q, H) (A, C) (J, S) (J, C) (4, C) (Q, D) (3, S) (7, H) (5, H) (8, S) (8, D) (K, S) (4, H) (2, H) (2, D) (9, C) (7, D) (0, C) (K, H) (4, S) (6, S) (9, H) (Q, S) (1, D) (9, S) (8, H) (1, H) (2, C) (7, C) (K, D) (4, D) (6, H) (K, C)

This is how many times each function has been called
newList: 1, randomShuffle: 1, printList: 2, deleteDeck: 2
==12737== 
==12737== HEAP SUMMARY:
==12737==     in use at exit: 0 bytes in 0 blocks
==12737==   total heap usage: 60 allocs, 60 frees, 960 bytes allocated
==12737== 
==12737== All heap blocks were freed -- no leaks are possible
==12737== 
==12737== For counts of detected and suppressed errors, rerun with: -v
==12737== ERROR SUMMARY: 0 errors from 0 contexts (suppressed: 4 from 4)
bash-4.1$ make clean
rm project2_agupta23_2B3_p1
rm project2_agupta23_2B3_p2
bash-4.1$ ls
Makefile  project2_agupta23_2B3_p1.c  project2_agupta23_2B3_p2.c  project2_Typescript_agupta23_2B3
bash-4.1$ exit

Script done on Tue 03 Jul 2018 02:45:18 PM EDT
